// Jest Snapshot v1, https://goo.gl/fbAQLP

exports[`Test NoteCard component 1`] = `
<span
  data-testid="card"
>
  <div
    style="opacity: 0;"
  >
    <div
      class="cursor-pointer"
    >
      <div
        class="border-2 border-[#EAEAEA] hover:border-[#d6d6d6] dark:border-[#2D2D2D] dark:hover:border-[#5f5f5f] w-full max-w-[164px] lg:max-w-[272px] h-[164px] lg:h-[272px] rounded-[21px] shadow-md hover:shadow-xl px-4 lg:px-6 py-4 lg:py-5 transition-all duration-1000"
      >
        <div>
          <h2
            class="font-medium text-sm lg:text-lg text-ellipsis overflow-hidden whitespace-nowrap text-[#242424] dark:text-[#D8D8D8] transition-all duration-1000"
          />
        </div>
        <div
          class="mt-2 lg:mt-3"
        >
          <p
            class="text-[#878787] dark:text-[#A5A5A5] text-[10px] lg:text-sm min-h-[73px] max-h-[73px] lg:min-h-[140px] lg:max-h-[140px] overflow-hidden text-justify font-medium transition-all duration-1000"
          >
            The note contains nothing
          </p>
        </div>
        <div>
          <div
            class="text-[10px] lg:text-xs text-[#C5C5C5] dark:text-[#A5A5A5] font-semibold mt-3 lg:mt-6 transition-all duration-1000"
          >
            Invalid date
          </div>
        </div>
      </div>
    </div>
  </div>
</span>
`;
