// Jest Snapshot v1, https://goo.gl/fbAQLP

exports[`Test NoteCard component 1`] = `
<div
  role="banner"
>
  <h1
    class="text-xl lg:text-3xl dark:text-white"
  >
    <i>
      my 
    </i>
    <span
      class="font-bold"
    >
      feels 
    </span>
    <span>
      feedback
    </span>
  </h1>
</div>
`;
